
Running 1 test using 1 worker

node.exe :   
[38;5;45;1mpw:api [0m=> 
browserType.launch started 
[38;5;45m+0ms[0m
At line:1 char:1
+ & "C:\Program 
Files\nodejs/node.exe" 
"C:\Program 
Files\nodejs/node_mo ...
+ ~~~~~~~~~~~~~~~~~~~~~~~~~
~~~~~~~~~~~~~~~~~~~~~~~~~~~
~~~~~~~~~~~~~~~~~
    + CategoryInfo         
     : NotSpecified: (    
  [38;5;45;1mp...8;5;45m   
 +0ms[0m:String) [], R    
emoteException
    + FullyQualifiedErrorI 
   d : NativeCommandError
 
  [38;5;45;1mpw:api 
[0m<= browserType.launch 
succeeded 
[38;5;45m+104ms[0m
  [38;5;45;1mpw:api 
[0m=> browser.newContext 
started [38;5;45m+3ms[0m
  [38;5;45;1mpw:api 
[0m<= browser.newContext 
succeeded 
[38;5;45m+7ms[0m
  [38;5;45;1mpw:api 
[0m=> 
browserContext.newPage 
started [38;5;45m+3ms[0m
  [38;5;45;1mpw:api 
[0m<= 
browserContext.newPage 
succeeded 
[38;5;45m+60ms[0m
  [38;5;45;1mpw:api 
[0m=> page.goto started 
[38;5;45m+2ms[0m
  [38;5;45;1mpw:api 
[0mnavigating to "https://
smarterpsolution.duckdns.or
g/", waiting until "load" 
[38;5;45m+0ms[0m
  [38;5;45;1mpw:api [0m  
"commit" event fired 
[38;5;45m+20ms[0m
  [38;5;45;1mpw:api [0m  
navigated to "https://smart
erpsolution.duckdns.org/" 
[38;5;45m+0ms[0m
  [38;5;45;1mpw:api [0m  
"domcontentloaded" event 
fired [38;5;45m+117ms[0m
  [38;5;45;1mpw:api [0m  
"load" event fired 
[38;5;45m+0ms[0m
  [38;5;45;1mpw:api 
[0m<= page.goto succeeded 
[38;5;45m+0ms[0m
  [38;5;45;1mpw:api 
[0m=> locator.isVisible 
started [38;5;45m+5ms[0m
  [38;5;45;1mpw:api [0m  
checking visibility of loca
tor('a:has-text("Login")') 
[38;5;45m+5ms[0m
  [38;5;45;1mpw:api [0m  
navigated to "https://smart
erpsolution.duckdns.org/" 
[38;5;45m+3ms[0m
  [38;5;45;1mpw:api 
[0m<= locator.isVisible 
succeeded 
[38;5;45m+100ms[0m
  [38;5;45;1mpw:api 
[0m=> page.goto started 
[38;5;45m+1ms[0m
  [38;5;45;1mpw:api 
[0mnavigating to "https://
smarterpsolution.duckdns.or
g/login", waiting until 
"load" [38;5;45m+0ms[0m
  [38;5;45;1mpw:api [0m  
"commit" event fired 
[38;5;45m+7ms[0m
  [38;5;45;1mpw:api [0m  
navigated to "https://smart
erpsolution.duckdns.org/log
in" [38;5;45m+0ms[0m
  [38;5;45;1mpw:api [0m  
"domcontentloaded" event 
fired [38;5;45m+8ms[0m
  [38;5;45;1mpw:api [0m  
"load" event fired 
[38;5;45m+1ms[0m
  [38;5;45;1mpw:api 
[0m<= page.goto succeeded 
[38;5;45m+0ms[0m
Logging in...
  [38;5;45;1mpw:api 
[0m=> 
page.waitForSelector 
started [38;5;45m+2ms[0m
  [38;5;45;1mpw:api 
[0mwaiting for locator('in
put[name="email"], 
input[type="email"]') to 
be visible 
[38;5;45m+1ms[0m
  [38;5;45;1mpw:api [0m  
navigated to "https://smart
erpsolution.duckdns.org/log
in" [38;5;45m+2ms[0m
  [38;5;45;1mpw:api [0m  
"networkidle" event fired 
[38;5;45m+519ms[0m
  [38;5;45;1mpw:api 
[0m=> 
browserContext.close 
started [38;5;45m+29s[0m
  [38;5;45;1mpw:api 
[0m<= 
page.waitForSelector 
failed [38;5;45m+18ms[0m
  [38;5;45;1mpw:api 
[0m<= 
browserContext.close 
succeeded 
[38;5;45m+13ms[0m
  [38;5;45;1mpw:api 
[0m=> browser.close 
started [38;5;45m+10ms[0m
  [38;5;45;1mpw:api 
[0m<= browser.close 
succeeded 
[38;5;45m+59ms[0m
  Γ£ÿ  1 tests\e2e\smarterp.spec.js:12:3 ΓÇ║ SmarterP E2E Journey ΓÇ║ Main Journey: Login, Dashboard, and Settings (30.1s)


  1) tests\e2e\smarterp.spec.js:12:3 ΓÇ║ SmarterP E2E Journey ΓÇ║ Main Journey: Login, Dashboard, and Settings 

    [31mTest timeout of 30000ms exceeded.[39m

    Error: page.waitForSelector: Test timeout of 30000ms exceeded.
    Call log:
    [2m  - waiting for locator('input[name="email"], input[type="email"]') to be visible[22m


      23 |     // 2. Perform Login
      24 |     console.log('Logging in...');
    > 25 |     await page.waitForSelector('input[name="email"], input[type="email"]');
         |                ^
      26 |     await page.fill('input[name="email"], input[type="email"]', 'admin@smarterp.in');
      27 |     await page.fill('input[name="password"]', 'admin123');
      28 |     await page.click('button[type="submit"]');
        at C:\Users\Administrator\.gemini\antigravity\scratch\smarterp\client\tests\e2e\smarterp.spec.js:25:16

    Error Context: test-results\tests-e2e-smarterp-Smarter-58f5d-ogin-Dashboard-and-Settings\error-context.md

  1 failed
    tests\e2e\smarterp.spec.js:12:3 ΓÇ║ SmarterP E2E Journey ΓÇ║ Main Journey: Login, Dashboard, and Settings 
