
=================================================================
  ≡ƒÜÇ SCHOOL ERP ΓÇö FINAL CLIENT DELIVERY TEST
  4/4/2026, 10:51:30 am
=================================================================

≡ƒöÉ AUTHENTICATION
Γ£à [Auth] Login page loads with form
Γ£à [Auth] Invalid login shows error ΓåÆ API rejects wrong password
Γ¥î [Auth] Valid login ΓåÆ redirects to dashboard ΓåÆ http://localhost:8000/login
Γ¥î [Auth] Session persists after refresh
Γ£à [Auth] Logout button works ΓåÆ redirects to login ΓåÆ button missing

≡ƒôè DASHBOARD
Γ¥î [Dashboard] Stat cards displayed ΓåÆ 0 cards
Γ¥î [Dashboard] Charts rendered
Γ¥î [Dashboard] Sidebar navigation items ΓåÆ 0 items

≡ƒæ¿ΓÇì≡ƒÄô STUDENT MANAGEMENT
Γ¥î [Students] Student table loaded
Γ¥î [Students] Search input works
Γ¥î [Students] Class filter dropdown
Γ¥î [Students] Add Student button visible

≡ƒôï ADMISSIONS
Γ£à [Admissions] Page loads with content
Γ¥î [Admissions] Status badges visible ΓåÆ 0 badges
Γ¥î [Admissions] New Admission button visible

≡ƒÆ░ FEE MANAGEMENT
Γ¥î [Fees] Fee page buttons/tabs loaded ΓåÆ 1 buttons
Γ£à [Fees] Fee amounts in Γé╣ format
Γ¥î [Fees] Fee search input

≡ƒôà ATTENDANCE
Γ£à [Attendance] No JS errors ΓåÆ clean
Γ¥î [Attendance] Date picker present
Γ¥î [Attendance] Attendance tabs ΓåÆ 0 tabs

≡ƒô¥ EXAMINATIONS
Γ¥î [Exams] Exam cards loaded ΓåÆ 0 cards
Γ£à [Exams] CBSE grading system (A1-E)
Γ¥î [Exams] Enhanced exam tabs ΓåÆ 0 tabs

≡ƒæ⌐ΓÇì≡ƒÅ½ STAFF MANAGEMENT
Γ¥î [Staff] Staff cards loaded ΓåÆ 0 cards
Γ¥î [Staff] Staff search works

≡ƒùô∩╕Å TIMETABLE
Γ¥î [Timetable] Timetable grid cells ΓåÆ 0 cells
Γ¥î [Timetable] Class/Section selectors ΓåÆ 0 selects

≡ƒôÜ LIBRARY
Γ¥î [Library] Library tabs ΓåÆ 0 tabs

≡ƒôó NOTICES
Γ¥î [Notices] Notice cards visible ΓåÆ 0 notices
Γ¥î [Notices] Priority badges rendered

≡ƒÜî TRANSPORT
Γ£à [Transport] Page loads

≡ƒÅá HOSTEL
Γ£à [Hostel] Page loads

≡ƒôè REPORTS
Γ£à [Reports] Page loads

≡ƒÄô ACADEMIC
