
=================================================================
  ≡ƒÜÇ SCHOOL ERP ΓÇö FINAL CLIENT DELIVERY TEST
  4/4/2026, 10:51:30 am
=================================================================

≡ƒöÉ AUTHENTICATION
Γ£à [Auth] Login page loads with form
Γ£à [Auth] Invalid login shows error ΓåÆ API rejects wrong password
Γ¥î [Auth] Valid login ΓåÆ redirects to dashboard ΓåÆ http://localhost:8000/login
Γ¥î [Auth] Session persists after refresh
Γ£à [Auth] Logout button works ΓåÆ redirects to login ΓåÆ button missing

≡ƒôè DASHBOARD
Γ¥î [Dashboard] Stat cards displayed ΓåÆ 0 cards
Γ¥î [Dashboard] Charts rendered
Γ¥î [Dashboard] Sidebar navigation items ΓåÆ 0 items

≡ƒæ¿ΓÇì≡ƒÄô STUDENT MANAGEMENT
Γ¥î [Students] Student table loaded
Γ¥î [Students] Search input works
Γ¥î [Students] Class filter dropdown
Γ¥î [Students] Add Student button visible

≡ƒôï ADMISSIONS
